<section class="mod mod-basic">
	Lorem ipsum dolor.
</section>