<section class="mod mod-basic">
	<h1>Basic module render test</h1>
<section class="mod mod-basic">
	<h1>Basic module render test</h1>
</section>


</section>
