<section class="mod mod-qwerty xtc-error">
Can't read template file. Module: qwerty, Template: uiop.hbs.<br>Reason: ENOENT, no such file or directory 'test/terrific-modules/fixtures/mod-qwerty/qwerty-uiop.hbs'
</section>