<section class="mod mod-basic" id="unique" lang="de-CH" data-1="{'key': 'val'}">
	<h1>Basic module render test</h1>
</section>
