<section class="mod mod-basic" data-connectors="stats, filter">
	<h1>Basic module render test</h1>
</section>
