<section class="mod mod-basic">
	fee fi fo fum
	bar
</section>
