<section class="mod mod-qwerty tc-error">
	
Can't read template file. Module: qwerty, Template: uiop.hbs. 
Reason: ENOENT, no such file or directory 'test/fixtures/terrific-modules/mod-qwerty/qwerty-uiop.hbs'
</section>
