<!-- START MODULE: basic, template: basic-alternate.hbs, path: test/fixtures/terrific-modules/mod-basic, repository: https://github.com/test/fixtures/terrific-modules/mod-basic -->
<section class="mod mod-basic">
	<h1>Alternate template render test</h1>
</section>
<!-- END MODULE: basic -->

