<section class="mod mod-basic">
	<h1>Basic Module Render Test</h1>
</section>
